// Vitest Snapshot v1, https://vitest.dev/guide/snapshot.html

exports[`CardComponent.vue > matches the snapshot 1`] = `
"<div data-v-ee190728="" class="w-card min-h-card p-4 box-border rounded-xl border border-border mr-5" data-test-id="card">
  <div data-v-ee190728="" class="w-candidate pb-5">
    <hr data-v-ee190728="" class="h-2 rounded-full border-0 card__1">
    <div data-v-ee190728="" class="flex items-end mt-4"><img data-v-ee190728="" src="src/interfaces/components/icons/icon-1.svg" class="w-button h-button"><span data-v-ee190728="" class="ml-2 text-base font-bold">Test Name</span></div>
  </div>
  <div data-v-ee190728="">
    <candidate-card-stub data-v-ee190728="" candidatedata="[object Object]"></candidate-card-stub>
  </div>
</div>"
`;
